Title:				Project Work Log3
Project Description:		LANDIS-II upgrades/corrections
Project ID:			2016SoE021
Author:				bmarron
Origin Date:			15 Oct 2016
Revision Date:					


#######
Log
######

	a. re-interpret changes per Dakota (from Slack)

C:\Users\bmarr\Documents\GitHub\Core-Model\model\trunk>premake4 clean
Building configurations...
Running action 'clean'...
Running third-party\LSML\LSML-admin.cmd 'clean'...
Done.


	b. re-ran; same error
C:\Users\bmarr\Documents\GitHub\Core-Model\model\trunk>premake4 vs2010
.....
Running third-party\LSML\LSML-admin.cmd 'get'...
Downloading download\LSML-1.0.zip ...
0%...10%.....20%....30%....40%....50%....60%....70%....80%....90%....100% done
Verifying checksum of download\LSML-1.0.zip ...
Access is denied.


	c. unpacked LSML-1.0.zip and looked at README.txt

LANDIS Spatial Modeling Library (LSML) version 1.0
This release contains:
  Landis.SpatialModeling.dll -- the library's API
  Landis.SpatialModeling.xml -- API's documentation (for IDE Intellisense)
  Landis.Landscapes.dll -- implementation of the library's Landscapes API
  Landis.RasterIO.dll -- module shared by various implementations of the
                         library's RasterIO API
  Landis.RasterIO.Gdal.dll -- implementation of the library's RasterIO API
                              using GDAL's C# bindings
  GDAL-version.txt -- the version of GDAL that this version of LSML needs
  GDAL-admin.[cmd,sh] -- scripts for downloading and managing GDAL and its
                         C# bindings pre-compiled for the current platform
Done.


	d. premake users manual
https://github.com/premake/premake-4.x/wiki
Premake is built on Lua, a powerful, fast, light-weight scripting language. Premake scripts are really Lua programs, so anything you can do in Lua can also be done in a Premake script.


	e. start fresh
	e1. delete C:\Users\bmarr\Documents\GitHub\Core-Model
	e2. re-clone from https://github.com/bmarron18 using Git Shell

bmarr@DESKTOP-1KEFDDQ  ~/Documents/GitHub
$ git clone https://github.com/bmarron18/Core-Model.git Core-Model

	e3. check
bmarr@DESKTOP-1KEFDDQ  ~/Documents/GitHub/Core-Model (master)
$ git remote -v

	e4. setup sync to original repo
bmarr@DESKTOP-1KEFDDQ  ~/Documents/GitHub/Core-Model (master)
$ git remote add upstream https://github.com/LANDIS-II-Foundation/Core-Model.git

bmarr@DESKTOP-1KEFDDQ  ~/Documents/GitHub/Core-Model (master)
$ git status
On branch master
Your branch is up-to-date with 'origin/master'.
nothing to commit, working tree clean

	e5. check LSML-admin-cmd in C:\Users\bmarr\Documents\GitHub\Core-Model\model\trunk\third-party\LSML> and change per Dakota's recommendation:

(Line 27) set LibraryURL=https://storage.googleapis.com/google-code-archive-downloads/v2/code.google.com/landis-spatial/%LibraryFileName%
(Line 28)	rem set LibraryURL=http://landis-spatial.googlecode.com/files/%LibraryFileName%

	e6. place a copy of premake4.exe in \GitHub\Core-Model\model\trunk\ and run
C:\Users\bmarr\Documents\GitHub\Core-Model\model\trunk>premake4 vs2010
-----------output -----------------------------------------------------
Building configurations...
Running action 'vs2010'...
Generating LANDIS-II.sln...
Generating core/src/Core.csproj...
Generating core/src/Core.csproj.user...
Generating core/src/Implementation/Core_Implementation.csproj...
Generating core/src/Implementation/Core_Implementation.csproj.user...
Generating core/test/species/Species_Tests.csproj...
Generating core/test/species/Species_Tests.csproj.user...
Generating core/test/ecoregions/Ecoregions_Tests.csproj...
Generating core/test/ecoregions/Ecoregions_Tests.csproj.user...
Generating ext-dataset/src/Extension_Dataset.csproj...
Generating ext-dataset/src/Extension_Dataset.csproj.user...
Generating ext-admin/Extension_Admin.csproj...
Generating ext-admin/Extension_Admin.csproj.user...
Generating console/Console.csproj...
Generating console/Console.csproj.user...
Modifying core/src/Core.csproj ...
  <HintPath> elements added to the project's references
  <TargetFrameworkProfile> element removed
  Enabled the generation of XML documentation file
Modifying core/src/Implementation/Core_Implementation.csproj ...
  <HintPath> elements added to the project's references
  <TargetFrameworkProfile> element removed
Modifying core/test/species/Species_Tests.csproj ...
  <HintPath> elements added to the project's references
  <TargetFrameworkProfile> element removed
Modifying core/test/ecoregions/Ecoregions_Tests.csproj ...
  <HintPath> elements added to the project's references
  <TargetFrameworkProfile> element removed
Modifying ext-dataset/src/Extension_Dataset.csproj ...
  <HintPath> elements added to the project's references
  <TargetFrameworkProfile> element removed
Modifying ext-admin/Extension_Admin.csproj ...
  <HintPath> elements added to the project's references
  <TargetFrameworkProfile> element removed
Modifying console/Console.csproj ...
  <HintPath> elements added to the project's references
  <TargetFrameworkProfile> element removed
  Changed <AssemblyName> element to "Landis.Console-6.1"
Running third-party\LSML\LSML-admin.cmd 'get'...
Initializing toolkit in C:\Users\bmarr\Documents\GitHub\Core-Model\model\trunk\third-party\LSML\WinPkgTools\ ...
Downloading checksum.exe ...
0% error
  Error: System.Net.WebException: The remote server returned an error: (404) Not Found.
   at System.Net.HttpWebRequest.EndGetResponse(IAsyncResult asyncResult)
   at System.Net.WebClient.GetWebResponse(WebRequest request, IAsyncResult result)
   at System.Net.WebClient.DownloadBitsResponseCallback(IAsyncResult result)
Downloading checksum-LICENSE.txt ...
0% error
  Error: System.Net.WebException: The remote server returned an error: (404) Not Found.
   at System.Net.HttpWebRequest.EndGetResponse(IAsyncResult asyncResult)
   at System.Net.WebClient.GetWebResponse(WebRequest request, IAsyncResult result)
   at System.Net.WebClient.DownloadBitsResponseCallback(IAsyncResult result)
Downloading unzip.exe ...
0% error
  Error: System.Net.WebException: The remote server returned an error: (404) Not Found.
   at System.Net.HttpWebRequest.EndGetResponse(IAsyncResult asyncResult)
   at System.Net.WebClient.GetWebResponse(WebRequest request, IAsyncResult result)
   at System.Net.WebClient.DownloadBitsResponseCallback(IAsyncResult result)
Downloading Info-ZIP-LICENSE.txt ...
0% error
  Error: System.Net.WebException: The remote server returned an error: (404) Not Found.
   at System.Net.HttpWebRequest.EndGetResponse(IAsyncResult asyncResult)
   at System.Net.WebClient.GetWebResponse(WebRequest request, IAsyncResult result)
   at System.Net.WebClient.DownloadBitsResponseCallback(IAsyncResult result)
Toolkit initialized
Making directory C:\Users\bmarr\Documents\GitHub\Core-Model\model\trunk\third-party\LSML\download\ ...
Downloading download\LSML-1.0.zip ...
0%....10%....20%....30%....40%....50%....60%....70%....80%....90%....100% done
Verifying checksum of download\LSML-1.0.zip ...
Access is denied.
Done.

	e7. Does not look good but opened VisualStudio, loaded LANDIS-II.sln, and tried to build
	e7i. No Go!!
54 errors





