Title:				Project Work Log26
Project Description:		LANDIS-II upgrades/corrections
Project ID:			2016SoE021
Author:				bmarron
Origin Date:			07 Jan 2017
Revision Date:		


#########################################################################
Log:
LANDVIZ -- run under python (Linux)
#########################################################################


	a. run main.py from command line (Linux)
https://docs.python.org/2/library/argparse.html

	a1. look at help file
$ cd /home/bmarron/Desktop/LANDVIZ_20170102/LANDVIZ/PreProcTool/source/
$ python main.py -h
Start LANDIS-II PreProcTool
usage: main.py [-h] -p FILE -o FOLDER

Landis2Vis

optional arguments:
  -h, --help            show this help message and exit
  -p FILE, --projectfile FILE
                        Pre-Proc-Project File
  -o FOLDER, --outputfolder FOLDER
                        Pre-Proc-Project Output Folder



	a2. run it
	a2i. error in Line 87 main.py ==> set for Windows directories
	a2ii. changed main.py
$ python main.py \
-p /home/bmarron/Desktop/LANDVIZ_20170102/LANDVIZ/deploy/examples/example_project/preproc_VizTool_example.xml \
-o /home/bmarron/Desktop/LANDVIZ_20170102/LANDVIZ/deploy/examples/example_project/LANDVIZ_LinearWind/

Start LANDIS-II PreProcTool
Setup application configuration
[Errno 2] No such file or directory: '/home/bmarron/Desktop/LANDVIZ_20170102/LANDVIZ/PreProcTool/source/config\\config.yaml'




	a3. run again
	a3i. this error is actually in the dummy config.yaml file!! Lines 13-15 (in Cream)
	a3ii. changed config.yaml 
$ python main.py \
-p /home/bmarron/Desktop/LANDVIZ_20170102/LANDVIZ/deploy/examples/example_project/preproc_VizTool_example.xml \
-o /home/bmarron/Desktop/LANDVIZ_20170102/LANDVIZ/deploy/examples/example_project/LANDVIZ_LinearWind/

Start LANDIS-II PreProcTool
Setup application configuration
Create Project
Error reading file '/home/bmarron/Desktop/LANDVIZ_20170102/LANDVIZ/PreProcTool/source/config\xsd\project_file.xsd': failed to load external entity "/home/bmarron/Desktop/LANDVIZ_20170102/LANDVIZ/PreProcTool/source/config\xsd\project_file.xsd", /home/bmarron/Desktop/LANDVIZ_20170102/LANDVIZ/deploy/examples/example_project/preproc_VizTool_example.xml


01/07/2017 02:44:05 PM landis.main               INFO     Start LANDIS-II PreProcTool
01/07/2017 02:44:05 PM collector.setupConfig     INFO     Setup application configuration
01/07/2017 02:44:05 PM collector.setupConfig     DEBUG    Detect Application Folder: /home/bmarron/Desktop/LANDVIZ_20170102/LANDVIZ/PreProcTool/source/main.py
01/07/2017 02:44:05 PM collector.setupConfig     DEBUG    Detect Project File: /home/bmarron/Desktop/LANDVIZ_20170102/LANDVIZ/deploy/examples/example_project/preproc_VizTool_example.xml
01/07/2017 02:44:05 PM collector.setupConfig     DEBUG    Detect Output Folder: /home/bmarron/Desktop/LANDVIZ_20170102/LANDVIZ/deploy/examples/example_project/LANDVIZ_LinearWind/_11
01/07/2017 02:44:05 PM collector.createProject   INFO     Create Project
01/07/2017 02:44:05 PM xmlreader.init            ERROR    Error reading file '/home/bmarron/Desktop/LANDVIZ_20170102/LANDVIZ/PreProcTool/source/config\xsd\project_file.xsd': failed to load external entity "/home/bmarron/Desktop/LANDVIZ_20170102/LANDVIZ/PreProcTool/source/config\xsd\project_file.xsd", /home/bmarron/Desktop/LANDVIZ_20170102/LANDVIZ/deploy/examples/example_project/preproc_VizTool_example.xml
01/07/2017 02:44:05 PM xmlreader.init            DEBUG    <type 'exceptions.IOError'>::xmlreader.py::17





	a3. run again
	a3i. first error is in ../CNF_Landscape_Historic-LinearWind/Metadata/Output Leaf Biomass/Output Leaf Biomass.xml 
		the line ==>  MetadataFilePath="Metadata\Output Leaf Biomass\SppBiomassLog_Metadata.xml"
		changed ==>  MetadataFilePath="Metadata/Output Leaf Biomass/SppBiomassLog_Metadata.xml"

	a3.ii. second error in Century-Succession.xml
		the line  ==> MetadataFilePath="Metadata\Century-Succession\MonthlyLog_Metadata.xml"
		changed ==>  MetadataFilePath="Metadata/Century-Succession/MonthlyLog_Metadata.xml"

		the line ==> MetadataFilePath="Metadata\Century-Succession\PrimaryLog_Metadata.xml"
		changed ==> MetadataFilePath="Metadata/Century-Succession/PrimaryLog_Metadata.xml"

	a3.iii  all similar errors in metadatfiles changed to Linux dir structure

$ python main.py \
-p /home/bmarron/Desktop/LANDVIZ_20170102/LANDVIZ/deploy/examples/example_project/preproc_VizTool_example.xml \
-o /home/bmarron/Desktop/LANDVIZ_20170102/LANDVIZ/deploy/examples/example_project/LANDVIZ_LinearWind/

Start LANDIS-II PreProcTool
Setup application configuration
Create Project
Project name: "Chippewa National Forest Landscape"
Load spatial refrence and geo extent from the project xml file
Load Map Preferences form project xml file
Load Datastructure from Lanids Metadata
Error reading file '/home/bmarron/Desktop/LANDVIZ_20170102/LANDVIZ/deploy/examples/example_project/CNF_Landscape_Historic-LinearWind/Metadata\Output Leaf Biomass\SppBiomassLog_Metadata.xml': failed to load external entity "/home/bmarron/Desktop/LANDVIZ_20170102/LANDVIZ/deploy/examples/example_project/CNF_Landscape_Historic-LinearWind/Metadata\Output Leaf Biomass\SppBiomassLog_Metadata.xml", /home/bmarron/Desktop/LANDVIZ_20170102/LANDVIZ/deploy/examples/example_project/CNF_Landscape_Historic-LinearWind/Metadata\Output Leaf Biomass\SppBiomassLog_Metadata.xml
Error reading file '/home/bmarron/Desktop/LANDVIZ_20170102/LANDVIZ/deploy/examples/example_project/CNF_Landscape_Historic-LinearWind/Metadata\Century-Succession\MonthlyLog_Metadata.xml': failed to load external entity "/home/bmarron/Desktop/LANDVIZ_20170102/LANDVIZ/deploy/examples/example_project/CNF_Landscape_Historic-LinearWind/Metadata\Century-Succession\MonthlyLog_Metadata.xml", /home/bmarron/Desktop/LANDVIZ_20170102/LANDVIZ/deploy/examples/example_project/CNF_Landscape_Historic-LinearWind/Metadata\Century-Succession\MonthlyLog_Metadata.xml
Error reading file '/home/bmarron/Desktop/LANDVIZ_20170102/LANDVIZ/deploy/examples/example_project/CNF_Landscape_CSIRO_85-Wind/Metadata\Output Leaf Biomass\SppBiomassLog_Metadata.xml': failed to load external entity "/home/bmarron/Desktop/LANDVIZ_20170102/LANDVIZ/deploy/examples/example_project/CNF_Landscape_CSIRO_85-Wind/Metadata\Output Leaf Biomass\SppBiomassLog_Metadata.xml", /home/bmarron/Desktop/LANDVIZ_20170102/LANDVIZ/deploy/examples/example_project/CNF_Landscape_CSIRO_85-Wind/Metadata\Output Leaf Biomass\SppBiomassLog_Metadata.xml



	a4. run again
	a4i. cf. Line 69 and 78 preworker.py
	a4ii. UnboundLocalError: local variable 'x' referenced before assignment
https://docs.python.org/2/faq/programming.html#general-questions
https://docs.python.org/2/faq/programming.html#id9
http://stackoverflow.com/questions/1945920/why-doesnt-os-path-join-work-in-this-case
http://stackoverflow.com/questions/35574504/dynamic-replacement-of-path-in-template-via-python-tkinter

$ python main.py \
-p /home/bmarron/Desktop/LANDVIZ_20170102/LANDVIZ/deploy/examples/example_project/preproc_VizTool_example.xml \
-o /home/bmarron/Desktop/LANDVIZ_20170102/LANDVIZ/deploy/examples/example_project/LANDVIZ_LinearWind/

Start LANDIS-II PreProcTool
Setup application configuration
Create Project
Project name: "Chippewa National Forest Landscape"
Load spatial refrence and geo extent from the project xml file
Load Map Preferences form project xml file
Load Datastructure from Lanids Metadata
Generate output directories
Start prepairing Table Output
End prepairing Table Output [time: 0.00105690956116 sec]
7,8,9,10,11
Start prepairing Map Output
scenario: Baseline Climate, BaseWind
extension: Output Leaf Biomass
output: Species Biomass Map: abiebals
prepair year = 0 [year not available]
prepair year = 10 [year not available]
prepair year = 20 [year not available]
prepair year = 30 [year not available]
prepair year = 40 [year not available]
prepair year = 50 [year not available]
prepair year = 60 [year not available]
prepair year = 70 [year not available]
prepair year = 80 [year not available]
prepair year = 90 [year not available]
prepair year = 100 [year not available]
local variable 'tilesOutputDirTT' referenced before assignment

01/07/2017 03:49:43 PM landis.main               INFO     Start LANDIS-II PreProcTool
01/07/2017 03:49:43 PM collector.setupConfig     INFO     Setup application configuration
01/07/2017 03:49:43 PM collector.setupConfig     DEBUG    Detect Application Folder: /home/bmarron/Desktop/LANDVIZ_20170102/LANDVIZ/PreProcTool/source/main.py
01/07/2017 03:49:43 PM collector.setupConfig     DEBUG    Detect Project File: /home/bmarron/Desktop/LANDVIZ_20170102/LANDVIZ/deploy/examples/example_project/preproc_VizTool_example.xml
01/07/2017 03:49:43 PM collector.setupConfig     DEBUG    Detect Output Folder: /home/bmarron/Desktop/LANDVIZ_20170102/LANDVIZ/deploy/examples/example_project/LANDVIZ_LinearWind/_15
01/07/2017 03:49:43 PM collector.createProject   INFO     Create Project
01/07/2017 03:49:43 PM collector.createProject   DEBUG    Load Information from project file: /home/bmarron/Desktop/LANDVIZ_20170102/LANDVIZ/deploy/examples/example_project/preproc_VizTool_example.xml
01/07/2017 03:49:43 PM collector.createProject   INFO     Project name: "Chippewa National Forest Landscape"
01/07/2017 03:49:43 PM collector.loadSRS         INFO     Load spatial refrence and geo extent from the project xml file
01/07/2017 03:49:43 PM collector.loadSRS         DEBUG    SRS definition: PROJCS["UTM Zone 15, Northern Hemisphere",GEOGCS["NAD83",DATUM["North_American_Datum_1983",SPHEROID["GRS 1980",6378137,298.257222101,AUTHORITY["EPSG","7019"]],TOWGS84[0,0,0,0,0,0,0],AUTHORITY["EPSG","6269"]],PRIMEM["Greenwich",0,AUTHORITY["EPSG","8901"]],UNIT["degree",0.0174532925199433,AUTHORITY["EPSG","9122"]],AUTHORITY["EPSG","4269"]],PROJECTION["Transverse_Mercator"],PARAMETER["latitude_of_origin",0],PARAMETER["central_meridian",-93],PARAMETER["scale_factor",0.9996],PARAMETER["false_easting",500000],PARAMETER["false_northing",0],UNIT["Meter",1]]
01/07/2017 03:49:43 PM collector.loadSRS         DEBUG    geo extent: {'lry': '5202717.52204077', 'lrx': '466234.717985773', 'ulx': '373434.717985773', 'uly': '5300017.52204077'}
01/07/2017 03:49:43 PM collector.loadMapPrefs    INFO     Load Map Preferences form project xml file
01/07/2017 03:49:43 PM collector.loadMapPrefs    DEBUG    Zoom: [{'max': '11', 'init': '9', 'min': '7'}]
01/07/2017 03:49:43 PM collector.loadMapPrefs    DEBUG    Basemap: [{'source': 'osm', 'saturation': '0', 'contrast': '1', 'brightness': '0'}]
01/07/2017 03:49:43 PM collector.loadMapPrefs    DEBUG    Legend: [{'qualitativeCol': 'Paired', 'sequentialCol': 'Reds', 'initClassCount': '3', 'divergingCol': 'PiYG'}]
01/07/2017 03:49:43 PM collector.loadDataStruct  INFO     Load Datastructure from Lanids Metadata
01/07/2017 03:49:43 PM output.genOutputDirs      INFO     Generate output directories
01/07/2017 03:49:43 PM output.genOutputDirs      DEBUG    Create landisdata directory: /home/bmarron/Desktop/LANDVIZ_20170102/LANDVIZ/deploy/examples/example_project/LANDVIZ_LinearWind/_15/landisdata
01/07/2017 03:49:43 PM preworker.prepairTables   INFO     Start prepairing Table Output
01/07/2017 03:49:43 PM preworker.prepairTables   INFO     End prepairing Table Output [time: 0.00105690956116 sec]
01/07/2017 03:49:43 PM preworker.prepairMaps     INFO     Start prepairing Map Output
01/07/2017 03:49:43 PM preworker.prepairMaps     INFO     scenario: Baseline Climate, BaseWind
01/07/2017 03:49:43 PM preworker.prepairMaps     INFO     extension: Output Leaf Biomass
01/07/2017 03:49:43 PM preworker.prepairMaps     INFO     output: Species Biomass Map: abiebals
01/07/2017 03:49:43 PM preworker.prepairMaps     INFO     prepair year = 0 [year not available]
01/07/2017 03:49:43 PM preworker.prepairMaps     INFO     prepair year = 10 [year not available]
01/07/2017 03:49:43 PM preworker.prepairMaps     INFO     prepair year = 20 [year not available]
01/07/2017 03:49:43 PM preworker.prepairMaps     INFO     prepair year = 30 [year not available]
01/07/2017 03:49:43 PM preworker.prepairMaps     INFO     prepair year = 40 [year not available]
01/07/2017 03:49:43 PM preworker.prepairMaps     INFO     prepair year = 50 [year not available]
01/07/2017 03:49:43 PM preworker.prepairMaps     INFO     prepair year = 60 [year not available]
01/07/2017 03:49:43 PM preworker.prepairMaps     INFO     prepair year = 70 [year not available]
01/07/2017 03:49:43 PM preworker.prepairMaps     INFO     prepair year = 80 [year not available]
01/07/2017 03:49:43 PM preworker.prepairMaps     INFO     prepair year = 90 [year not available]
01/07/2017 03:49:43 PM preworker.prepairMaps     INFO     prepair year = 100 [year not available]
01/07/2017 03:49:43 PM preworker.prepairMaps     ERROR    local variable 'tilesOutputDirTT' referenced before assignment
01/07/2017 03:49:43 PM preworker.prepairMaps     DEBUG    <type 'exceptions.UnboundLocalError'>::preworker.py::83


